Partition Merge report for T_blink
Wed Jun 22 19:59:47 2022
Quartus Prime Version 21.1.0 Build 842 10/21/2021 SJ Lite Edition


---------------------
; Table of Contents ;
---------------------
  1. Legal Notice
  2. Partition Merge Summary
  3. Partition Merge Netlist Types Used
  4. Connections to In-System Debugging Instance "auto_signaltap_0"
  5. Partition Merge Partition Statistics
  6. Partition Merge Partition Pin Processing
  7. Partition Merge Resource Usage Summary
  8. Partition Merge RAM Summary
  9. Partition Merge Messages



----------------
; Legal Notice ;
----------------
Copyright (C) 2021  Intel Corporation. All rights reserved.
Your use of Intel Corporation's design tools, logic functions 
and other software and tools, and any partner logic 
functions, and any output files from any of the foregoing 
(including device programming or simulation files), and any 
associated documentation or information are expressly subject 
to the terms and conditions of the Intel Program License 
Subscription Agreement, the Intel Quartus Prime License Agreement,
the Intel FPGA IP License Agreement, or other applicable license
agreement, including, without limitation, that your use is for
the sole purpose of programming logic devices manufactured by
Intel and sold by Intel or its authorized distributors.  Please
refer to the applicable agreement for further details, at
https://fpgasoftware.intel.com/eula.



+----------------------------------------------------------------------------------+
; Partition Merge Summary                                                          ;
+------------------------------------+---------------------------------------------+
; Partition Merge Status             ; Successful - Wed Jun 22 19:59:47 2022       ;
; Quartus Prime Version              ; 21.1.0 Build 842 10/21/2021 SJ Lite Edition ;
; Revision Name                      ; T_blink                                     ;
; Top-level Entity Name              ; T_blink                                     ;
; Family                             ; MAX 10                                      ;
; Total logic elements               ; 648                                         ;
;     Total combinational functions  ; 513                                         ;
;     Dedicated logic registers      ; 436                                         ;
; Total registers                    ; 436                                         ;
; Total pins                         ; 12                                          ;
; Total virtual pins                 ; 0                                           ;
; Total memory bits                  ; 256                                         ;
; Embedded Multiplier 9-bit elements ; 0                                           ;
; Total PLLs                         ; 0                                           ;
; UFM blocks                         ; 0                                           ;
; ADC blocks                         ; 0                                           ;
+------------------------------------+---------------------------------------------+


+-------------------------------------------------------------------------------------------------------------------------------+
; Partition Merge Netlist Types Used                                                                                            ;
+--------------------------------+----------------+-------------------+------------------------+--------------------------------+
; Partition Name                 ; Partition Type ; Netlist Type Used ; Netlist Type Requested ; Partition Contents             ;
+--------------------------------+----------------+-------------------+------------------------+--------------------------------+
; Top                            ; User-created   ; Source File       ; Source File            ;                                ;
; sld_hub:auto_hub               ; Auto-generated ; Post-Synthesis    ; Post-Synthesis         ; sld_hub:auto_hub               ;
; sld_signaltap:auto_signaltap_0 ; Auto-generated ; Post-Synthesis    ; Post-Synthesis         ; sld_signaltap:auto_signaltap_0 ;
; hard_block:auto_generated_inst ; Auto-generated ; Source File       ; Source File            ; hard_block:auto_generated_inst ;
+--------------------------------+----------------+-------------------+------------------------+--------------------------------+


+-----------------------------------------------------------------------------------------------------------------------------------------------------------+
; Connections to In-System Debugging Instance "auto_signaltap_0"                                                                                            ;
+---------------------------+--------------+-----------+--------------------------------+-------------------+-------------------------------------+---------+
; Name                      ; Type         ; Status    ; Partition Name                 ; Netlist Type Used ; Actual Connection                   ; Details ;
+---------------------------+--------------+-----------+--------------------------------+-------------------+-------------------------------------+---------+
; auto_signaltap_0|gnd      ; post-fitting ; connected ; sld_signaltap:auto_signaltap_0 ; post-synthesis    ; sld_signaltap:auto_signaltap_0|~GND ; N/A     ;
; auto_signaltap_0|gnd      ; post-fitting ; connected ; sld_signaltap:auto_signaltap_0 ; post-synthesis    ; sld_signaltap:auto_signaltap_0|~GND ; N/A     ;
; auto_signaltap_0|gnd      ; post-fitting ; connected ; sld_signaltap:auto_signaltap_0 ; post-synthesis    ; sld_signaltap:auto_signaltap_0|~GND ; N/A     ;
; auto_signaltap_0|gnd      ; post-fitting ; connected ; sld_signaltap:auto_signaltap_0 ; post-synthesis    ; sld_signaltap:auto_signaltap_0|~GND ; N/A     ;
; auto_signaltap_0|gnd      ; post-fitting ; connected ; sld_signaltap:auto_signaltap_0 ; post-synthesis    ; sld_signaltap:auto_signaltap_0|~GND ; N/A     ;
; auto_signaltap_0|gnd      ; post-fitting ; connected ; sld_signaltap:auto_signaltap_0 ; post-synthesis    ; sld_signaltap:auto_signaltap_0|~GND ; N/A     ;
; auto_signaltap_0|gnd      ; post-fitting ; connected ; sld_signaltap:auto_signaltap_0 ; post-synthesis    ; sld_signaltap:auto_signaltap_0|~GND ; N/A     ;
; auto_signaltap_0|gnd      ; post-fitting ; connected ; sld_signaltap:auto_signaltap_0 ; post-synthesis    ; sld_signaltap:auto_signaltap_0|~GND ; N/A     ;
; auto_signaltap_0|gnd      ; post-fitting ; connected ; sld_signaltap:auto_signaltap_0 ; post-synthesis    ; sld_signaltap:auto_signaltap_0|~GND ; N/A     ;
; auto_signaltap_0|gnd      ; post-fitting ; connected ; sld_signaltap:auto_signaltap_0 ; post-synthesis    ; sld_signaltap:auto_signaltap_0|~GND ; N/A     ;
; auto_signaltap_0|gnd      ; post-fitting ; connected ; sld_signaltap:auto_signaltap_0 ; post-synthesis    ; sld_signaltap:auto_signaltap_0|~GND ; N/A     ;
; auto_signaltap_0|gnd      ; post-fitting ; connected ; sld_signaltap:auto_signaltap_0 ; post-synthesis    ; sld_signaltap:auto_signaltap_0|~GND ; N/A     ;
; auto_signaltap_0|gnd      ; post-fitting ; connected ; sld_signaltap:auto_signaltap_0 ; post-synthesis    ; sld_signaltap:auto_signaltap_0|~GND ; N/A     ;
; auto_signaltap_0|vcc      ; post-fitting ; connected ; sld_signaltap:auto_signaltap_0 ; post-synthesis    ; sld_signaltap:auto_signaltap_0|~VCC ; N/A     ;
; auto_signaltap_0|vcc      ; post-fitting ; connected ; sld_signaltap:auto_signaltap_0 ; post-synthesis    ; sld_signaltap:auto_signaltap_0|~VCC ; N/A     ;
; auto_signaltap_0|vcc      ; post-fitting ; connected ; sld_signaltap:auto_signaltap_0 ; post-synthesis    ; sld_signaltap:auto_signaltap_0|~VCC ; N/A     ;
; auto_signaltap_0|vcc      ; post-fitting ; connected ; sld_signaltap:auto_signaltap_0 ; post-synthesis    ; sld_signaltap:auto_signaltap_0|~VCC ; N/A     ;
; auto_signaltap_0|vcc      ; post-fitting ; connected ; sld_signaltap:auto_signaltap_0 ; post-synthesis    ; sld_signaltap:auto_signaltap_0|~VCC ; N/A     ;
; auto_signaltap_0|vcc      ; post-fitting ; connected ; sld_signaltap:auto_signaltap_0 ; post-synthesis    ; sld_signaltap:auto_signaltap_0|~VCC ; N/A     ;
; auto_signaltap_0|vcc      ; post-fitting ; connected ; sld_signaltap:auto_signaltap_0 ; post-synthesis    ; sld_signaltap:auto_signaltap_0|~VCC ; N/A     ;
; auto_signaltap_0|vcc      ; post-fitting ; connected ; sld_signaltap:auto_signaltap_0 ; post-synthesis    ; sld_signaltap:auto_signaltap_0|~VCC ; N/A     ;
; auto_signaltap_0|vcc      ; post-fitting ; connected ; sld_signaltap:auto_signaltap_0 ; post-synthesis    ; sld_signaltap:auto_signaltap_0|~VCC ; N/A     ;
; auto_signaltap_0|vcc      ; post-fitting ; connected ; sld_signaltap:auto_signaltap_0 ; post-synthesis    ; sld_signaltap:auto_signaltap_0|~VCC ; N/A     ;
; auto_signaltap_0|vcc      ; post-fitting ; connected ; sld_signaltap:auto_signaltap_0 ; post-synthesis    ; sld_signaltap:auto_signaltap_0|~VCC ; N/A     ;
; auto_signaltap_0|vcc      ; post-fitting ; connected ; sld_signaltap:auto_signaltap_0 ; post-synthesis    ; sld_signaltap:auto_signaltap_0|~VCC ; N/A     ;
; auto_signaltap_0|vcc      ; post-fitting ; connected ; sld_signaltap:auto_signaltap_0 ; post-synthesis    ; sld_signaltap:auto_signaltap_0|~VCC ; N/A     ;
; auto_signaltap_0|vcc      ; post-fitting ; connected ; sld_signaltap:auto_signaltap_0 ; post-synthesis    ; sld_signaltap:auto_signaltap_0|~VCC ; N/A     ;
; auto_signaltap_0|vcc      ; post-fitting ; connected ; sld_signaltap:auto_signaltap_0 ; post-synthesis    ; sld_signaltap:auto_signaltap_0|~VCC ; N/A     ;
; auto_signaltap_0|vcc      ; post-fitting ; connected ; sld_signaltap:auto_signaltap_0 ; post-synthesis    ; sld_signaltap:auto_signaltap_0|~VCC ; N/A     ;
; auto_signaltap_0|vcc      ; post-fitting ; connected ; sld_signaltap:auto_signaltap_0 ; post-synthesis    ; sld_signaltap:auto_signaltap_0|~VCC ; N/A     ;
; auto_signaltap_0|vcc      ; post-fitting ; connected ; sld_signaltap:auto_signaltap_0 ; post-synthesis    ; sld_signaltap:auto_signaltap_0|~VCC ; N/A     ;
; auto_signaltap_0|vcc      ; post-fitting ; connected ; sld_signaltap:auto_signaltap_0 ; post-synthesis    ; sld_signaltap:auto_signaltap_0|~VCC ; N/A     ;
; clk                       ; post-fitting ; connected ; Top                            ; post-synthesis    ; clk                                 ; N/A     ;
; clk                       ; post-fitting ; connected ; Top                            ; post-synthesis    ; clk                                 ; N/A     ;
; clk_o~0                   ; post-fitting ; connected ; Top                            ; post-synthesis    ; clk_o~0                             ; N/A     ;
; clk_o~0                   ; post-fitting ; connected ; Top                            ; post-synthesis    ; clk_o~0                             ; N/A     ;
; auto_stp_external_clock_0 ; dynamic pin  ; connected ; Top                            ; post-synthesis    ; auto_stp_external_clock_0           ; N/A     ;
+---------------------------+--------------+-----------+--------------------------------+-------------------+-------------------------------------+---------+


+----------------------------------------------------------------------------------------------------------------------------------------+
; Partition Merge Partition Statistics                                                                                                   ;
+---------------------------------------------+-----+------------------+--------------------------------+--------------------------------+
; Statistic                                   ; Top ; sld_hub:auto_hub ; sld_signaltap:auto_signaltap_0 ; hard_block:auto_generated_inst ;
+---------------------------------------------+-----+------------------+--------------------------------+--------------------------------+
; Estimated Total logic elements              ; 97  ; 152              ; 399                            ; 0                              ;
;                                             ;     ;                  ;                                ;                                ;
; Total combinational functions               ; 97  ; 126              ; 290                            ; 0                              ;
; Logic element usage by number of LUT inputs ;     ;                  ;                                ;                                ;
;     -- 4 input functions                    ; 16  ; 53               ; 117                            ; 0                              ;
;     -- 3 input functions                    ; 5   ; 36               ; 84                             ; 0                              ;
;     -- <=2 input functions                  ; 76  ; 37               ; 89                             ; 0                              ;
;                                             ;     ;                  ;                                ;                                ;
; Logic elements by mode                      ;     ;                  ;                                ;                                ;
;     -- normal mode                          ; 48  ; 118              ; 229                            ; 0                              ;
;     -- arithmetic mode                      ; 49  ; 8                ; 61                             ; 0                              ;
;                                             ;     ;                  ;                                ;                                ;
; Total registers                             ; 53  ; 90               ; 293                            ; 0                              ;
;     -- Dedicated logic registers            ; 53  ; 90               ; 293                            ; 0                              ;
;     -- I/O registers                        ; 0   ; 0                ; 0                              ; 0                              ;
;                                             ;     ;                  ;                                ;                                ;
; Virtual pins                                ; 0   ; 0                ; 0                              ; 0                              ;
; I/O pins                                    ; 12  ; 0                ; 0                              ; 0                              ;
; Embedded Multiplier 9-bit elements          ; 0   ; 0                ; 0                              ; 0                              ;
; Total memory bits                           ; 0   ; 0                ; 256                            ; 0                              ;
; Total RAM block bits                        ; 0   ; 0                ; 0                              ; 0                              ;
; JTAG                                        ; 1   ; 0                ; 0                              ; 0                              ;
;                                             ;     ;                  ;                                ;                                ;
; Connections                                 ;     ;                  ;                                ;                                ;
;     -- Input Connections                    ; 1   ; 133              ; 477                            ; 0                              ;
;     -- Registered Input Connections         ; 0   ; 101              ; 321                            ; 0                              ;
;     -- Output Connections                   ; 428 ; 149              ; 34                             ; 0                              ;
;     -- Registered Output Connections        ; 0   ; 149              ; 0                              ; 0                              ;
;                                             ;     ;                  ;                                ;                                ;
; Internal Connections                        ;     ;                  ;                                ;                                ;
;     -- Total Connections                    ; 807 ; 831              ; 1949                           ; 0                              ;
;     -- Registered Connections               ; 130 ; 602              ; 1002                           ; 0                              ;
;                                             ;     ;                  ;                                ;                                ;
; External Connections                        ;     ;                  ;                                ;                                ;
;     -- Top                                  ; 0   ; 122              ; 307                            ; 0                              ;
;     -- sld_hub:auto_hub                     ; 122 ; 20               ; 140                            ; 0                              ;
;     -- sld_signaltap:auto_signaltap_0       ; 307 ; 140              ; 64                             ; 0                              ;
;     -- hard_block:auto_generated_inst       ; 0   ; 0                ; 0                              ; 0                              ;
;                                             ;     ;                  ;                                ;                                ;
; Partition Interface                         ;     ;                  ;                                ;                                ;
;     -- Input Ports                          ; 5   ; 45               ; 75                             ; 0                              ;
;     -- Output Ports                         ; 11  ; 62               ; 19                             ; 0                              ;
;     -- Bidir Ports                          ; 0   ; 0                ; 0                              ; 0                              ;
;                                             ;     ;                  ;                                ;                                ;
; Registered Ports                            ;     ;                  ;                                ;                                ;
;     -- Registered Input Ports               ; 0   ; 4                ; 10                             ; 0                              ;
;     -- Registered Output Ports              ; 0   ; 29               ; 5                              ; 0                              ;
;                                             ;     ;                  ;                                ;                                ;
; Port Connectivity                           ;     ;                  ;                                ;                                ;
;     -- Input Ports driven by GND            ; 0   ; 0                ; 13                             ; 0                              ;
;     -- Output Ports driven by GND           ; 0   ; 28               ; 2                              ; 0                              ;
;     -- Input Ports driven by VCC            ; 0   ; 0                ; 19                             ; 0                              ;
;     -- Output Ports driven by VCC           ; 0   ; 0                ; 1                              ; 0                              ;
;     -- Input Ports with no Source           ; 0   ; 25               ; 6                              ; 0                              ;
;     -- Output Ports with no Source          ; 0   ; 0                ; 0                              ; 0                              ;
;     -- Input Ports with no Fanout           ; 0   ; 30               ; 20                             ; 0                              ;
;     -- Output Ports with no Fanout          ; 0   ; 29               ; 7                              ; 0                              ;
+---------------------------------------------+-----+------------------+--------------------------------+--------------------------------+
Note: Resource usage numbers presented for Partitions containing post-synthesis logic are estimates.  For Partitions containing post-fit logic, resource usage numbers are accurate based on previous placement information.  Actual Fitter results may vary depending on current Fitter Preservation Level assignments.


+-------------------------------------------------------------------------------------------------------------------------+
; Partition Merge Partition Pin Processing                                                                                ;
+-----------------------------------------------+--------------------------------+---------------+----------+-------------+
; Name                                          ; Partition                      ; Type          ; Location ; Status      ;
+-----------------------------------------------+--------------------------------+---------------+----------+-------------+
; LED[0]                                        ; Top                            ; Output Port   ; n/a      ;             ;
;     -- LED[0]                                 ; Top                            ; Output Pad    ; Unplaced ; Synthesized ;
;     -- LED[0]~output                          ; Top                            ; Output Buffer ; Unplaced ; Synthesized ;
;                                               ;                                ;               ;          ;             ;
; LED[1]                                        ; Top                            ; Output Port   ; n/a      ;             ;
;     -- LED[1]                                 ; Top                            ; Output Pad    ; Unplaced ; Synthesized ;
;     -- LED[1]~output                          ; Top                            ; Output Buffer ; Unplaced ; Synthesized ;
;                                               ;                                ;               ;          ;             ;
; LED[2]                                        ; Top                            ; Output Port   ; n/a      ;             ;
;     -- LED[2]                                 ; Top                            ; Output Pad    ; Unplaced ; Synthesized ;
;     -- LED[2]~output                          ; Top                            ; Output Buffer ; Unplaced ; Synthesized ;
;                                               ;                                ;               ;          ;             ;
; LED[3]                                        ; Top                            ; Output Port   ; n/a      ;             ;
;     -- LED[3]                                 ; Top                            ; Output Pad    ; Unplaced ; Synthesized ;
;     -- LED[3]~output                          ; Top                            ; Output Buffer ; Unplaced ; Synthesized ;
;                                               ;                                ;               ;          ;             ;
; LED[4]                                        ; Top                            ; Output Port   ; n/a      ;             ;
;     -- LED[4]                                 ; Top                            ; Output Pad    ; Unplaced ; Synthesized ;
;     -- LED[4]~output                          ; Top                            ; Output Buffer ; Unplaced ; Synthesized ;
;                                               ;                                ;               ;          ;             ;
; LED[5]                                        ; Top                            ; Output Port   ; n/a      ;             ;
;     -- LED[5]                                 ; Top                            ; Output Pad    ; Unplaced ; Synthesized ;
;     -- LED[5]~output                          ; Top                            ; Output Buffer ; Unplaced ; Synthesized ;
;                                               ;                                ;               ;          ;             ;
; LED[6]                                        ; Top                            ; Output Port   ; n/a      ;             ;
;     -- LED[6]                                 ; Top                            ; Output Pad    ; Unplaced ; Synthesized ;
;     -- LED[6]~output                          ; Top                            ; Output Buffer ; Unplaced ; Synthesized ;
;                                               ;                                ;               ;          ;             ;
; LED[7]                                        ; Top                            ; Output Port   ; n/a      ;             ;
;     -- LED[7]                                 ; Top                            ; Output Pad    ; Unplaced ; Synthesized ;
;     -- LED[7]~output                          ; Top                            ; Output Buffer ; Unplaced ; Synthesized ;
;                                               ;                                ;               ;          ;             ;
; LED[8]                                        ; Top                            ; Output Port   ; n/a      ;             ;
;     -- LED[8]                                 ; Top                            ; Output Pad    ; Unplaced ; Synthesized ;
;     -- LED[8]~output                          ; Top                            ; Output Buffer ; Unplaced ; Synthesized ;
;                                               ;                                ;               ;          ;             ;
; LED[9]                                        ; Top                            ; Output Port   ; n/a      ;             ;
;     -- LED[9]                                 ; Top                            ; Output Pad    ; Unplaced ; Synthesized ;
;     -- LED[9]~output                          ; Top                            ; Output Buffer ; Unplaced ; Synthesized ;
;                                               ;                                ;               ;          ;             ;
; altera_reserved_tck                           ; Top                            ; Input Port    ; n/a      ;             ;
;     -- altera_reserved_tck                    ; Top                            ; Input Pad     ; Unplaced ; Synthesized ;
;     -- altera_reserved_tck~input              ; Top                            ; Input Buffer  ; Unplaced ; Synthesized ;
;                                               ;                                ;               ;          ;             ;
; altera_reserved_tdi                           ; Top                            ; Input Port    ; n/a      ;             ;
;     -- altera_reserved_tdi                    ; Top                            ; Input Pad     ; Unplaced ; Synthesized ;
;     -- altera_reserved_tdi~input              ; Top                            ; Input Buffer  ; Unplaced ; Synthesized ;
;                                               ;                                ;               ;          ;             ;
; altera_reserved_tdo                           ; Top                            ; Output Port   ; n/a      ;             ;
;     -- altera_reserved_tdo                    ; Top                            ; Output Pad    ; Unplaced ; Synthesized ;
;     -- altera_reserved_tdo~output             ; Top                            ; Output Buffer ; Unplaced ; Synthesized ;
;                                               ;                                ;               ;          ;             ;
; altera_reserved_tms                           ; Top                            ; Input Port    ; n/a      ;             ;
;     -- altera_reserved_tms                    ; Top                            ; Input Pad     ; Unplaced ; Synthesized ;
;     -- altera_reserved_tms~input              ; Top                            ; Input Buffer  ; Unplaced ; Synthesized ;
;                                               ;                                ;               ;          ;             ;
; auto_stp_external_clock_0                     ; Top                            ; Input Port    ; n/a      ;             ;
;     -- auto_stp_external_clock_0              ; Top                            ; Input Pad     ; Unplaced ; Synthesized ;
;     -- auto_stp_external_clock_0~input        ; Top                            ; Input Buffer  ; Unplaced ; Synthesized ;
;     -- sld_signaltap:auto_signaltap_0|acq_clk ; sld_signaltap:auto_signaltap_0 ; Input Port    ; n/a      ;             ;
;                                               ;                                ;               ;          ;             ;
; clk                                           ; Top                            ; Input Port    ; n/a      ;             ;
;     -- clk                                    ; Top                            ; Input Pad     ; Unplaced ; Synthesized ;
;     -- clk~input                              ; Top                            ; Input Buffer  ; Unplaced ; Synthesized ;
;                                               ;                                ;               ;          ;             ;
+-----------------------------------------------+--------------------------------+---------------+----------+-------------+


+------------------------------------------------------------------------+
; Partition Merge Resource Usage Summary                                 ;
+---------------------------------------------+--------------------------+
; Resource                                    ; Usage                    ;
+---------------------------------------------+--------------------------+
; Estimated Total logic elements              ; 648                      ;
;                                             ;                          ;
; Total combinational functions               ; 513                      ;
; Logic element usage by number of LUT inputs ;                          ;
;     -- 4 input functions                    ; 186                      ;
;     -- 3 input functions                    ; 125                      ;
;     -- <=2 input functions                  ; 202                      ;
;                                             ;                          ;
; Logic elements by mode                      ;                          ;
;     -- normal mode                          ; 395                      ;
;     -- arithmetic mode                      ; 118                      ;
;                                             ;                          ;
; Total registers                             ; 436                      ;
;     -- Dedicated logic registers            ; 436                      ;
;     -- I/O registers                        ; 0                        ;
;                                             ;                          ;
; I/O pins                                    ; 12                       ;
; Total memory bits                           ; 256                      ;
;                                             ;                          ;
; Embedded Multiplier 9-bit elements          ; 0                        ;
;                                             ;                          ;
; Maximum fan-out node                        ; altera_internal_jtag~TDO ;
; Maximum fan-out                             ; 293                      ;
; Total fan-out                               ; 2995                     ;
; Average fan-out                             ; 3.04                     ;
+---------------------------------------------+--------------------------+


+-----------------------------------------------------------------------------------------------------------------------------------------------------------------------------------------------------------------------------------------------------------------------------------------------------------+
; Partition Merge RAM Summary                                                                                                                                                                                                                                                                               ;
+-------------------------------------------------------------------------------------------------------------------------------------------------------------------------------------------------------+------+------------------+--------------+--------------+--------------+--------------+------+------+
; Name                                                                                                                                                                                                  ; Type ; Mode             ; Port A Depth ; Port A Width ; Port B Depth ; Port B Width ; Size ; MIF  ;
+-------------------------------------------------------------------------------------------------------------------------------------------------------------------------------------------------------+------+------------------+--------------+--------------+--------------+--------------+------+------+
; sld_signaltap:auto_signaltap_0|sld_signaltap_impl:sld_signaltap_body|sld_signaltap_implb:sld_signaltap_body|altsyncram:\stp_non_zero_ram_gen:stp_buffer_ram|altsyncram_gc14:auto_generated|ALTSYNCRAM ; AUTO ; Simple Dual Port ; 128          ; 2            ; 128          ; 2            ; 256  ; None ;
+-------------------------------------------------------------------------------------------------------------------------------------------------------------------------------------------------------+------+------------------+--------------+--------------+--------------+--------------+------+------+


+--------------------------+
; Partition Merge Messages ;
+--------------------------+
Info: *******************************************************************
Info: Running Quartus Prime Partition Merge
    Info: Version 21.1.0 Build 842 10/21/2021 SJ Lite Edition
    Info: Processing started: Wed Jun 22 19:59:46 2022
Info: Command: quartus_cdb --read_settings_files=off --write_settings_files=off T_blink -c T_blink --merge=on
Warning (18236): Number of processors has not been specified which may cause overloading on shared machines.  Set the global assignment NUM_PARALLEL_PROCESSORS in your QSF to an appropriate value for best performance.
Info (35007): Using synthesis netlist for partition "Top"
Info (35007): Using synthesis netlist for partition "sld_hub:auto_hub"
Info (35007): Using synthesis netlist for partition "sld_signaltap:auto_signaltap_0"
Info (35024): Successfully connected in-system debug instance "auto_signaltap_0" to all 37 required data inputs, trigger inputs, acquisition clocks, and dynamic pins
Info (35002): Resolved and merged 3 partition(s)
Info (16010): Generating hard_block partition "hard_block:auto_generated_inst"
    Info (16011): Adding 0 node(s), including 0 DDIO, 0 PLL, 0 transceiver and 0 LCELL
Critical Warning (138067): Current license file does not support incremental compilation. The Quartus Prime software removes all the user-specified design partitions in the design automatically.
Info (21057): Implemented 682 device resources after synthesis - the final resource count might be different
    Info (21058): Implemented 5 input pins
    Info (21059): Implemented 11 output pins
    Info (21061): Implemented 663 logic cells
    Info (21064): Implemented 2 RAM segments
Info: Quartus Prime Partition Merge was successful. 0 errors, 2 warnings
    Info: Peak virtual memory: 4706 megabytes
    Info: Processing ended: Wed Jun 22 19:59:47 2022
    Info: Elapsed time: 00:00:01
    Info: Total CPU time (on all processors): 00:00:00


